// Jest Snapshot v1, https://goo.gl/fbAQLP

exports[`Header renders correctly 1`] = `
<header
  className="css-0"
>
  <nav
    className="css-186pdcm"
  >
    <a
      className="chakra-link css-1kcvenp"
      href="/"
    >
      <img
        alt="PET Computação UFC"
        className="chakra-image__placeholder css-s1rh56"
      />
    </a>
    <button
      aria-label="Abrir Menu"
      className="chakra-button css-s3el0a"
      onClick={[Function]}
      type="button"
    >
      <svg
        aria-hidden={true}
        fill="currentColor"
        focusable={false}
        height="1em"
        stroke="currentColor"
        strokeWidth="0"
        style={
          Object {
            "color": undefined,
          }
        }
        viewBox="0 0 20 20"
        width="1em"
        xmlns="http://www.w3.org/2000/svg"
      >
        <path
          clipRule="evenodd"
          d="M3 5a1 1 0 011-1h12a1 1 0 110 2H4a1 1 0 01-1-1zM3 10a1 1 0 011-1h12a1 1 0 110 2H4a1 1 0 01-1-1zM3 15a1 1 0 011-1h12a1 1 0 110 2H4a1 1 0 01-1-1z"
          fillRule="evenodd"
        />
      </svg>
    </button>
    <div
      className="css-1xa6npx"
    >
      <a
        className="chakra-link css-1wczksg"
        href="/"
        onClick={[Function]}
      >
        Início
      </a>
      <a
        className="chakra-link css-1wczksg"
        href="/sobre/"
        onClick={[Function]}
      >
        Sobre
      </a>
      <a
        className="chakra-link css-1wczksg"
        href="/atividades/"
        onClick={[Function]}
      >
        Atividades
      </a>
      <a
        className="chakra-link css-1wczksg"
        href="/blog/"
        onClick={[Function]}
      >
        Blog
      </a>
      <a
        className="chakra-link css-1wczksg"
        href="#"
        onClick={[Function]}
      >
        Certificados
      </a>
      <a
        className="chakra-link css-1wczksg"
        href="/emprestimos/"
        onClick={[Function]}
      >
        Empréstimos
      </a>
      <a
        className="chakra-link css-1wczksg"
        href="/contato/"
        onClick={[Function]}
      >
        Contato
      </a>
    </div>
  </nav>
</header>
`;
